Building for debugging...
[0/4] Write sources
[1/4] Write swift-version--58304C5D6DBC2206.txt
[3/10] Compiling SwiftHablareTests MockElevenLabsVoiceProviderSimulator.swift
[4/10] Emitting module SwiftHablareTests
[5/10] Compiling SwiftHablareTests MockAppleVoiceProviderSimulator.swift
[6/10] Compiling SwiftHablareTests MockAIServiceProviderTests.swift
[7/10] Compiling SwiftHablareTests AIGeneratableTests.swift
/Users/stovak/Projects/SwiftHablare/Tests/SwiftHablareTests/Core/AIGeneratableTests.swift:17:28: error: cannot infer key path type from context; consider explicitly specifying a root type
 15 |         static var aiGenerationSchema: AIGenerationSchema {
 16 |             AIGenerationSchema {
 17 |                 AIProperty(\.title)
    |                            `- error: cannot infer key path type from context; consider explicitly specifying a root type
 18 |                     .providers(["openai", "anthropic"])
 19 |                     .constraints(minLength: 10, maxLength: 100)
[8/12] Compiling SwiftHablareTests DataStructureCapabilityTests.swift
[9/12] Compiling SwiftHablareTests AppleVoiceProviderTests.swift
[10/12] Compiling SwiftHablareTests ElevenLabsVoiceProviderTests.swift
error: fatalError
